// Jest Snapshot v1, https://goo.gl/fbAQLP

exports[`renders 1`] = `ShallowWrapper {}`;

exports[`renders 2`] = `ShallowWrapper {}`;
